INFO:     Will watch for changes in these directories: ['/home/mekanhan/github/learning/plate_recognition/backend']
INFO:     Uvicorn running on http://0.0.0.0:8001 (Press CTRL+C to quit)
INFO:     Started reloader process [132234] using WatchFiles
Process SpawnProcess-1:
Traceback (most recent call last):
  File "/usr/lib/python3.12/multiprocessing/process.py", line 314, in _bootstrap
    self.run()
  File "/usr/lib/python3.12/multiprocessing/process.py", line 108, in run
    self._target(*self._args, **self._kwargs)
  File "/home/mekanhan/github/learning/plate_recognition/backend/venv/lib/python3.12/site-packages/uvicorn/_subprocess.py", line 80, in subprocess_started
    target(sockets=sockets)
  File "/home/mekanhan/github/learning/plate_recognition/backend/venv/lib/python3.12/site-packages/uvicorn/server.py", line 67, in run
    return asyncio.run(self.serve(sockets=sockets))
           ^^^^^^^^^^^^^^^^^^^^^^^^^^^^^^^^^^^^^^^^
  File "/usr/lib/python3.12/asyncio/runners.py", line 194, in run
    return runner.run(main)
           ^^^^^^^^^^^^^^^^
  File "/usr/lib/python3.12/asyncio/runners.py", line 118, in run
    return self._loop.run_until_complete(task)
           ^^^^^^^^^^^^^^^^^^^^^^^^^^^^^^^^^^^
  File "uvloop/loop.pyx", line 1518, in uvloop.loop.Loop.run_until_complete
  File "/home/mekanhan/github/learning/plate_recognition/backend/venv/lib/python3.12/site-packages/uvicorn/server.py", line 71, in serve
    await self._serve(sockets)
  File "/home/mekanhan/github/learning/plate_recognition/backend/venv/lib/python3.12/site-packages/uvicorn/server.py", line 78, in _serve
    config.load()
  File "/home/mekanhan/github/learning/plate_recognition/backend/venv/lib/python3.12/site-packages/uvicorn/config.py", line 436, in load
    self.loaded_app = import_from_string(self.app)
                      ^^^^^^^^^^^^^^^^^^^^^^^^^^^^
  File "/home/mekanhan/github/learning/plate_recognition/backend/venv/lib/python3.12/site-packages/uvicorn/importer.py", line 19, in import_from_string
    module = importlib.import_module(module_str)
             ^^^^^^^^^^^^^^^^^^^^^^^^^^^^^^^^^^^
  File "/usr/lib/python3.12/importlib/__init__.py", line 90, in import_module
    return _bootstrap._gcd_import(name[level:], package, level)
           ^^^^^^^^^^^^^^^^^^^^^^^^^^^^^^^^^^^^^^^^^^^^^^^^^^^^
  File "<frozen importlib._bootstrap>", line 1387, in _gcd_import
  File "<frozen importlib._bootstrap>", line 1360, in _find_and_load
  File "<frozen importlib._bootstrap>", line 1331, in _find_and_load_unlocked
  File "<frozen importlib._bootstrap>", line 935, in _load_unlocked
  File "<frozen importlib._bootstrap_external>", line 995, in exec_module
  File "<frozen importlib._bootstrap>", line 488, in _call_with_frames_removed
  File "/home/mekanhan/github/learning/plate_recognition/backend/app/main.py", line 6, in <module>
    from .api.v1.router import api_router
  File "/home/mekanhan/github/learning/plate_recognition/backend/app/api/v1/router.py", line 5, in <module>
    from .endpoints import cameras, streaming, playback
  File "/home/mekanhan/github/learning/plate_recognition/backend/app/api/v1/endpoints/streaming.py", line 15, in <module>
    from app.services.camera_streaming_service import CameraStreamingService, StreamConfig
  File "/home/mekanhan/github/learning/plate_recognition/backend/app/services/camera_streaming_service.py", line 14, in <module>
    from app.services.frame_distribution_service import frame_distribution_manager, FrameDistributionConfig
ImportError: cannot import name 'frame_distribution_manager' from 'app.services.frame_distribution_service' (/home/mekanhan/github/learning/plate_recognition/backend/app/services/frame_distribution_service.py)
WARNING:  WatchFiles detected changes in 'app/services/camera_streaming_service.py'. Reloading...
INFO:     Started server process [133171]
INFO:     Waiting for application startup.
2025-07-29 10:17:03,156 INFO sqlalchemy.engine.Engine BEGIN (implicit)
2025-07-29 10:17:03,156 INFO sqlalchemy.engine.Engine PRAGMA main.table_info("cameras")
2025-07-29 10:17:03,156 INFO sqlalchemy.engine.Engine [raw sql] ()
2025-07-29 10:17:03,157 INFO sqlalchemy.engine.Engine COMMIT
INFO:     Application startup complete.
INFO:     127.0.0.1:57848 - "OPTIONS /api/v1/cameras/ HTTP/1.1" 200 OK
2025-07-29 10:17:06,705 INFO sqlalchemy.engine.Engine BEGIN (implicit)
2025-07-29 10:17:06,707 INFO sqlalchemy.engine.Engine SELECT cameras.id, cameras.name, cameras.ip_address, cameras.port, cameras.connection_type, cameras.stream_path, cameras.location, cameras.username, cameras.password, cameras.status, cameras.created_at, cameras.updated_at, cameras.enabled, cameras.brand, cameras.model, cameras.resolution_width, cameras.resolution_height, cameras.max_fps, cameras.video_quality, cameras.low_latency 
FROM cameras ORDER BY cameras.created_at DESC
 LIMIT ? OFFSET ?
2025-07-29 10:17:06,707 INFO sqlalchemy.engine.Engine [generated in 0.00013s] (100, 0)
2025-07-29 10:17:06,709 INFO sqlalchemy.engine.Engine SELECT count(cameras.id) AS count_1 
FROM cameras
2025-07-29 10:17:06,709 INFO sqlalchemy.engine.Engine [generated in 0.00009s] ()
2025-07-29 10:17:06,710 INFO sqlalchemy.engine.Engine ROLLBACK
INFO:     127.0.0.1:57848 - "GET /api/v1/cameras/ HTTP/1.1" 200 OK
INFO:     127.0.0.1:57848 - "GET /api/v1/playback//storage/report HTTP/1.1" 404 Not Found
INFO:     127.0.0.1:57848 - "GET /api/v1/playback//cameras/3/search?start_date=2025-07-29T05%3A00%3A00&end_date=2025-07-30T04%3A59%3A59 HTTP/1.1" 404 Not Found
INFO:     127.0.0.1:57848 - "GET /health HTTP/1.1" 200 OK
2025-07-29 10:17:07,933 INFO sqlalchemy.engine.Engine BEGIN (implicit)
2025-07-29 10:17:07,934 INFO sqlalchemy.engine.Engine SELECT cameras.id, cameras.name, cameras.ip_address, cameras.port, cameras.connection_type, cameras.stream_path, cameras.location, cameras.username, cameras.password, cameras.status, cameras.created_at, cameras.updated_at, cameras.enabled, cameras.brand, cameras.model, cameras.resolution_width, cameras.resolution_height, cameras.max_fps, cameras.video_quality, cameras.low_latency 
FROM cameras 
WHERE cameras.id = ?
2025-07-29 10:17:07,934 INFO sqlalchemy.engine.Engine [generated in 0.00011s] (3,)
2025-07-29 10:17:07,935 INFO sqlalchemy.engine.Engine ROLLBACK
INFO:     127.0.0.1:57848 - "GET /api/v1/streams/status/3 HTTP/1.1" 200 OK
INFO:     127.0.0.1:57848 - "OPTIONS /api/v1/streams/start/3 HTTP/1.1" 200 OK
2025-07-29 10:17:07,938 INFO sqlalchemy.engine.Engine BEGIN (implicit)
2025-07-29 10:17:07,938 INFO sqlalchemy.engine.Engine SELECT cameras.id, cameras.name, cameras.ip_address, cameras.port, cameras.connection_type, cameras.stream_path, cameras.location, cameras.username, cameras.password, cameras.status, cameras.created_at, cameras.updated_at, cameras.enabled, cameras.brand, cameras.model, cameras.resolution_width, cameras.resolution_height, cameras.max_fps, cameras.video_quality, cameras.low_latency 
FROM cameras 
WHERE cameras.id = ?
2025-07-29 10:17:07,938 INFO sqlalchemy.engine.Engine [cached since 0.004396s ago] (3,)
Error setting up frame distribution for camera 3: name 'frame_distribution_manager' is not defined
2025-07-29 10:17:07,939 INFO sqlalchemy.engine.Engine SELECT cameras.id, cameras.name, cameras.ip_address, cameras.port, cameras.connection_type, cameras.stream_path, cameras.location, cameras.username, cameras.password, cameras.status, cameras.created_at, cameras.updated_at, cameras.enabled, cameras.brand, cameras.model, cameras.resolution_width, cameras.resolution_height, cameras.max_fps, cameras.video_quality, cameras.low_latency 
FROM cameras 
WHERE cameras.id = ?
2025-07-29 10:17:07,939 INFO sqlalchemy.engine.Engine [cached since 0.005166s ago] (3,)
2025-07-29 10:17:07,940 INFO sqlalchemy.engine.Engine UPDATE cameras SET status=?, updated_at=? WHERE cameras.id = ?
2025-07-29 10:17:07,940 INFO sqlalchemy.engine.Engine [generated in 0.00011s] ('error', '2025-07-29 15:17:07.939775', 3)
2025-07-29 10:17:07,941 INFO sqlalchemy.engine.Engine COMMIT
2025-07-29 10:17:07,951 INFO sqlalchemy.engine.Engine BEGIN (implicit)
2025-07-29 10:17:07,952 INFO sqlalchemy.engine.Engine SELECT cameras.id, cameras.name, cameras.ip_address, cameras.port, cameras.connection_type, cameras.stream_path, cameras.location, cameras.username, cameras.password, cameras.status, cameras.created_at, cameras.updated_at, cameras.enabled, cameras.brand, cameras.model, cameras.resolution_width, cameras.resolution_height, cameras.max_fps, cameras.video_quality, cameras.low_latency 
FROM cameras 
WHERE cameras.id = ?
2025-07-29 10:17:07,952 INFO sqlalchemy.engine.Engine [generated in 0.00010s] (3,)
Error testing camera 3: 503: Failed to connect to camera
2025-07-29 10:17:07,953 INFO sqlalchemy.engine.Engine SELECT cameras.id, cameras.name, cameras.ip_address, cameras.port, cameras.connection_type, cameras.stream_path, cameras.location, cameras.username, cameras.password, cameras.status, cameras.created_at, cameras.updated_at, cameras.enabled, cameras.brand, cameras.model, cameras.resolution_width, cameras.resolution_height, cameras.max_fps, cameras.video_quality, cameras.low_latency 
FROM cameras 
WHERE cameras.id = ?
2025-07-29 10:17:07,953 INFO sqlalchemy.engine.Engine [cached since 0.01897s ago] (3,)
2025-07-29 10:17:07,953 INFO sqlalchemy.engine.Engine UPDATE cameras SET updated_at=? WHERE cameras.id = ?
2025-07-29 10:17:07,953 INFO sqlalchemy.engine.Engine [generated in 0.00010s] ('2025-07-29 15:17:07.953583', 3)
2025-07-29 10:17:07,954 INFO sqlalchemy.engine.Engine COMMIT
2025-07-29 10:17:07,962 INFO sqlalchemy.engine.Engine BEGIN (implicit)
2025-07-29 10:17:07,962 INFO sqlalchemy.engine.Engine SELECT cameras.id, cameras.name, cameras.ip_address, cameras.port, cameras.connection_type, cameras.stream_path, cameras.location, cameras.username, cameras.password, cameras.status, cameras.created_at, cameras.updated_at, cameras.enabled, cameras.brand, cameras.model, cameras.resolution_width, cameras.resolution_height, cameras.max_fps, cameras.video_quality, cameras.low_latency 
FROM cameras 
WHERE cameras.id = ?
2025-07-29 10:17:07,962 INFO sqlalchemy.engine.Engine [cached since 0.0106s ago] (3,)
2025-07-29 10:17:07,963 INFO sqlalchemy.engine.Engine ROLLBACK
INFO:     127.0.0.1:57848 - "POST /api/v1/streams/start/3 HTTP/1.1" 500 Internal Server Error
WARNING:  WatchFiles detected changes in 'app/services/camera_streaming_service.py'. Reloading...
INFO:     Shutting down
INFO:     Waiting for application shutdown.
INFO:     Application shutdown complete.
INFO:     Finished server process [133171]
INFO:     Started server process [133243]
INFO:     Waiting for application startup.
2025-07-29 10:17:11,340 INFO sqlalchemy.engine.Engine BEGIN (implicit)
2025-07-29 10:17:11,341 INFO sqlalchemy.engine.Engine PRAGMA main.table_info("cameras")
2025-07-29 10:17:11,341 INFO sqlalchemy.engine.Engine [raw sql] ()
2025-07-29 10:17:11,341 INFO sqlalchemy.engine.Engine COMMIT
INFO:     Application startup complete.
WARNING:  WatchFiles detected changes in 'app/services/camera_streaming_service.py'. Reloading...
INFO:     Shutting down
INFO:     Waiting for application shutdown.
INFO:     Application shutdown complete.
INFO:     Finished server process [133243]
INFO:     Started server process [133305]
INFO:     Waiting for application startup.
2025-07-29 10:17:18,618 INFO sqlalchemy.engine.Engine BEGIN (implicit)
2025-07-29 10:17:18,618 INFO sqlalchemy.engine.Engine PRAGMA main.table_info("cameras")
2025-07-29 10:17:18,618 INFO sqlalchemy.engine.Engine [raw sql] ()
2025-07-29 10:17:18,619 INFO sqlalchemy.engine.Engine COMMIT
INFO:     Application startup complete.
2025-07-29 10:17:21,604 INFO sqlalchemy.engine.Engine BEGIN (implicit)
2025-07-29 10:17:21,607 INFO sqlalchemy.engine.Engine SELECT cameras.id, cameras.name, cameras.ip_address, cameras.port, cameras.connection_type, cameras.stream_path, cameras.location, cameras.username, cameras.password, cameras.status, cameras.created_at, cameras.updated_at, cameras.enabled, cameras.brand, cameras.model, cameras.resolution_width, cameras.resolution_height, cameras.max_fps, cameras.video_quality, cameras.low_latency 
FROM cameras ORDER BY cameras.created_at DESC
 LIMIT ? OFFSET ?
2025-07-29 10:17:21,607 INFO sqlalchemy.engine.Engine [generated in 0.00013s] (100, 0)
2025-07-29 10:17:21,609 INFO sqlalchemy.engine.Engine SELECT count(cameras.id) AS count_1 
FROM cameras
2025-07-29 10:17:21,609 INFO sqlalchemy.engine.Engine [generated in 0.00014s] ()
2025-07-29 10:17:21,610 INFO sqlalchemy.engine.Engine ROLLBACK
INFO:     127.0.0.1:54846 - "GET /api/v1/cameras/ HTTP/1.1" 200 OK
2025-07-29 10:17:23,320 INFO sqlalchemy.engine.Engine BEGIN (implicit)
2025-07-29 10:17:23,320 INFO sqlalchemy.engine.Engine SELECT cameras.id, cameras.name, cameras.ip_address, cameras.port, cameras.connection_type, cameras.stream_path, cameras.location, cameras.username, cameras.password, cameras.status, cameras.created_at, cameras.updated_at, cameras.enabled, cameras.brand, cameras.model, cameras.resolution_width, cameras.resolution_height, cameras.max_fps, cameras.video_quality, cameras.low_latency 
FROM cameras ORDER BY cameras.created_at DESC
 LIMIT ? OFFSET ?
2025-07-29 10:17:23,320 INFO sqlalchemy.engine.Engine [cached since 1.714s ago] (100, 0)
2025-07-29 10:17:23,321 INFO sqlalchemy.engine.Engine SELECT count(cameras.id) AS count_1 
FROM cameras
2025-07-29 10:17:23,321 INFO sqlalchemy.engine.Engine [cached since 1.712s ago] ()
2025-07-29 10:17:23,322 INFO sqlalchemy.engine.Engine ROLLBACK
INFO:     127.0.0.1:54854 - "GET /api/v1/cameras/ HTTP/1.1" 200 OK
INFO:     127.0.0.1:54854 - "GET /api/v1/playback//storage/report HTTP/1.1" 404 Not Found
INFO:     127.0.0.1:54854 - "GET /api/v1/playback//cameras/3/search?start_date=2025-07-29T05%3A00%3A00&end_date=2025-07-30T04%3A59%3A59 HTTP/1.1" 404 Not Found
2025-07-29 10:17:23,534 INFO sqlalchemy.engine.Engine BEGIN (implicit)
2025-07-29 10:17:23,535 INFO sqlalchemy.engine.Engine SELECT cameras.id, cameras.name, cameras.ip_address, cameras.port, cameras.connection_type, cameras.stream_path, cameras.location, cameras.username, cameras.password, cameras.status, cameras.created_at, cameras.updated_at, cameras.enabled, cameras.brand, cameras.model, cameras.resolution_width, cameras.resolution_height, cameras.max_fps, cameras.video_quality, cameras.low_latency 
FROM cameras 
WHERE cameras.id = ?
2025-07-29 10:17:23,535 INFO sqlalchemy.engine.Engine [generated in 0.00010s] (3,)
2025-07-29 10:17:23,536 INFO sqlalchemy.engine.Engine ROLLBACK
INFO:     127.0.0.1:54854 - "GET /api/v1/streams/status/3 HTTP/1.1" 200 OK
2025-07-29 10:17:23,538 INFO sqlalchemy.engine.Engine BEGIN (implicit)
2025-07-29 10:17:23,538 INFO sqlalchemy.engine.Engine SELECT cameras.id, cameras.name, cameras.ip_address, cameras.port, cameras.connection_type, cameras.stream_path, cameras.location, cameras.username, cameras.password, cameras.status, cameras.created_at, cameras.updated_at, cameras.enabled, cameras.brand, cameras.model, cameras.resolution_width, cameras.resolution_height, cameras.max_fps, cameras.video_quality, cameras.low_latency 
FROM cameras 
WHERE cameras.id = ?
2025-07-29 10:17:23,538 INFO sqlalchemy.engine.Engine [cached since 0.003157s ago] (4,)
2025-07-29 10:17:23,539 INFO sqlalchemy.engine.Engine ROLLBACK
INFO:     127.0.0.1:54854 - "GET /api/v1/streams/status/4 HTTP/1.1" 404 Not Found
INFO:     127.0.0.1:52002 - "GET /health HTTP/1.1" 200 OK
2025-07-29 10:17:25,741 INFO sqlalchemy.engine.Engine BEGIN (implicit)
2025-07-29 10:17:25,741 INFO sqlalchemy.engine.Engine SELECT cameras.id, cameras.name, cameras.ip_address, cameras.port, cameras.connection_type, cameras.stream_path, cameras.location, cameras.username, cameras.password, cameras.status, cameras.created_at, cameras.updated_at, cameras.enabled, cameras.brand, cameras.model, cameras.resolution_width, cameras.resolution_height, cameras.max_fps, cameras.video_quality, cameras.low_latency 
FROM cameras 
WHERE cameras.id = ?
2025-07-29 10:17:25,741 INFO sqlalchemy.engine.Engine [cached since 2.206s ago] (3,)
2025-07-29 10:17:25,742 INFO sqlalchemy.engine.Engine ROLLBACK
INFO:     127.0.0.1:52002 - "GET /api/v1/streams/status/3 HTTP/1.1" 200 OK
2025-07-29 10:17:25,745 INFO sqlalchemy.engine.Engine BEGIN (implicit)
2025-07-29 10:17:25,745 INFO sqlalchemy.engine.Engine SELECT cameras.id, cameras.name, cameras.ip_address, cameras.port, cameras.connection_type, cameras.stream_path, cameras.location, cameras.username, cameras.password, cameras.status, cameras.created_at, cameras.updated_at, cameras.enabled, cameras.brand, cameras.model, cameras.resolution_width, cameras.resolution_height, cameras.max_fps, cameras.video_quality, cameras.low_latency 
FROM cameras 
WHERE cameras.id = ?
2025-07-29 10:17:25,745 INFO sqlalchemy.engine.Engine [cached since 2.21s ago] (3,)
No frames available yet from camera Test Camera 1
2025-07-29 10:17:26,747 INFO sqlalchemy.engine.Engine SELECT cameras.id, cameras.name, cameras.ip_address, cameras.port, cameras.connection_type, cameras.stream_path, cameras.location, cameras.username, cameras.password, cameras.status, cameras.created_at, cameras.updated_at, cameras.enabled, cameras.brand, cameras.model, cameras.resolution_width, cameras.resolution_height, cameras.max_fps, cameras.video_quality, cameras.low_latency 
FROM cameras 
WHERE cameras.id = ?
2025-07-29 10:17:26,747 INFO sqlalchemy.engine.Engine [cached since 3.212s ago] (3,)
2025-07-29 10:17:26,748 INFO sqlalchemy.engine.Engine UPDATE cameras SET status=?, updated_at=? WHERE cameras.id = ?
2025-07-29 10:17:26,749 INFO sqlalchemy.engine.Engine [generated in 0.00011s] ('online', '2025-07-29 15:17:26.748075', 3)
2025-07-29 10:17:26,749 INFO sqlalchemy.engine.Engine COMMIT
2025-07-29 10:17:26,758 INFO sqlalchemy.engine.Engine BEGIN (implicit)
2025-07-29 10:17:26,759 INFO sqlalchemy.engine.Engine SELECT cameras.id, cameras.name, cameras.ip_address, cameras.port, cameras.connection_type, cameras.stream_path, cameras.location, cameras.username, cameras.password, cameras.status, cameras.created_at, cameras.updated_at, cameras.enabled, cameras.brand, cameras.model, cameras.resolution_width, cameras.resolution_height, cameras.max_fps, cameras.video_quality, cameras.low_latency 
FROM cameras 
WHERE cameras.id = ?
2025-07-29 10:17:26,759 INFO sqlalchemy.engine.Engine [generated in 0.00009s] (3,)
2025-07-29 10:17:26,760 INFO sqlalchemy.engine.Engine ROLLBACK
INFO:     127.0.0.1:52002 - "POST /api/v1/streams/start/3 HTTP/1.1" 200 OK
2025-07-29 10:17:56,346 INFO sqlalchemy.engine.Engine BEGIN (implicit)
2025-07-29 10:17:56,347 INFO sqlalchemy.engine.Engine SELECT cameras.id, cameras.name, cameras.ip_address, cameras.port, cameras.connection_type, cameras.stream_path, cameras.location, cameras.username, cameras.password, cameras.status, cameras.created_at, cameras.updated_at, cameras.enabled, cameras.brand, cameras.model, cameras.resolution_width, cameras.resolution_height, cameras.max_fps, cameras.video_quality, cameras.low_latency 
FROM cameras ORDER BY cameras.created_at DESC
 LIMIT ? OFFSET ?
2025-07-29 10:17:56,347 INFO sqlalchemy.engine.Engine [cached since 34.74s ago] (100, 0)
2025-07-29 10:17:56,347 INFO sqlalchemy.engine.Engine SELECT count(cameras.id) AS count_1 
FROM cameras
2025-07-29 10:17:56,347 INFO sqlalchemy.engine.Engine [cached since 34.74s ago] ()
2025-07-29 10:17:56,348 INFO sqlalchemy.engine.Engine ROLLBACK
INFO:     127.0.0.1:52012 - "GET /api/v1/cameras/ HTTP/1.1" 200 OK
INFO:     127.0.0.1:52012 - "GET /api/v1/playback//storage/report HTTP/1.1" 404 Not Found
INFO:     127.0.0.1:52012 - "GET /api/v1/playback//cameras/3/search?start_date=2025-07-29T05%3A00%3A00&end_date=2025-07-30T04%3A59%3A59 HTTP/1.1" 404 Not Found
2025-07-29 10:17:56,379 INFO sqlalchemy.engine.Engine BEGIN (implicit)
2025-07-29 10:17:56,379 INFO sqlalchemy.engine.Engine SELECT cameras.id, cameras.name, cameras.ip_address, cameras.port, cameras.connection_type, cameras.stream_path, cameras.location, cameras.username, cameras.password, cameras.status, cameras.created_at, cameras.updated_at, cameras.enabled, cameras.brand, cameras.model, cameras.resolution_width, cameras.resolution_height, cameras.max_fps, cameras.video_quality, cameras.low_latency 
FROM cameras 
WHERE cameras.id = ?
2025-07-29 10:17:56,379 INFO sqlalchemy.engine.Engine [cached since 32.84s ago] (3,)
2025-07-29 10:17:56,379 INFO sqlalchemy.engine.Engine ROLLBACK
INFO:     127.0.0.1:52012 - "GET /api/v1/streams/status/3 HTTP/1.1" 200 OK
2025-07-29 10:17:56,857 INFO sqlalchemy.engine.Engine BEGIN (implicit)
2025-07-29 10:17:56,857 INFO sqlalchemy.engine.Engine SELECT cameras.id, cameras.name, cameras.ip_address, cameras.port, cameras.connection_type, cameras.stream_path, cameras.location, cameras.username, cameras.password, cameras.status, cameras.created_at, cameras.updated_at, cameras.enabled, cameras.brand, cameras.model, cameras.resolution_width, cameras.resolution_height, cameras.max_fps, cameras.video_quality, cameras.low_latency 
FROM cameras ORDER BY cameras.created_at DESC
 LIMIT ? OFFSET ?
2025-07-29 10:17:56,858 INFO sqlalchemy.engine.Engine [cached since 35.25s ago] (100, 0)
2025-07-29 10:17:56,858 INFO sqlalchemy.engine.Engine SELECT count(cameras.id) AS count_1 
FROM cameras
2025-07-29 10:17:56,858 INFO sqlalchemy.engine.Engine [cached since 35.25s ago] ()
2025-07-29 10:17:56,859 INFO sqlalchemy.engine.Engine ROLLBACK
INFO:     127.0.0.1:52012 - "GET /api/v1/cameras/ HTTP/1.1" 200 OK
INFO:     127.0.0.1:52012 - "GET /api/v1/playback//storage/report HTTP/1.1" 404 Not Found
INFO:     127.0.0.1:52012 - "GET /api/v1/playback//cameras/3/search?start_date=2025-07-29T05%3A00%3A00&end_date=2025-07-30T04%3A59%3A59 HTTP/1.1" 404 Not Found
INFO:     127.0.0.1:52012 - "GET /health HTTP/1.1" 200 OK
2025-07-29 10:17:57,613 INFO sqlalchemy.engine.Engine BEGIN (implicit)
2025-07-29 10:17:57,613 INFO sqlalchemy.engine.Engine SELECT cameras.id, cameras.name, cameras.ip_address, cameras.port, cameras.connection_type, cameras.stream_path, cameras.location, cameras.username, cameras.password, cameras.status, cameras.created_at, cameras.updated_at, cameras.enabled, cameras.brand, cameras.model, cameras.resolution_width, cameras.resolution_height, cameras.max_fps, cameras.video_quality, cameras.low_latency 
FROM cameras 
WHERE cameras.id = ?
2025-07-29 10:17:57,613 INFO sqlalchemy.engine.Engine [cached since 34.08s ago] (3,)
2025-07-29 10:17:57,614 INFO sqlalchemy.engine.Engine ROLLBACK
INFO:     127.0.0.1:52012 - "GET /api/v1/streams/status/3 HTTP/1.1" 200 OK
INFO:     127.0.0.1:52012 - "GET /health HTTP/1.1" 200 OK
2025-07-29 10:17:57,751 INFO sqlalchemy.engine.Engine BEGIN (implicit)
2025-07-29 10:17:57,752 INFO sqlalchemy.engine.Engine SELECT cameras.id, cameras.name, cameras.ip_address, cameras.port, cameras.connection_type, cameras.stream_path, cameras.location, cameras.username, cameras.password, cameras.status, cameras.created_at, cameras.updated_at, cameras.enabled, cameras.brand, cameras.model, cameras.resolution_width, cameras.resolution_height, cameras.max_fps, cameras.video_quality, cameras.low_latency 
FROM cameras 
WHERE cameras.id = ?
2025-07-29 10:17:57,752 INFO sqlalchemy.engine.Engine [cached since 34.22s ago] (3,)
2025-07-29 10:17:57,752 INFO sqlalchemy.engine.Engine ROLLBACK
INFO:     127.0.0.1:52012 - "GET /api/v1/streams/status/3 HTTP/1.1" 200 OK
2025-07-29 10:17:57,928 INFO sqlalchemy.engine.Engine BEGIN (implicit)
2025-07-29 10:17:57,928 INFO sqlalchemy.engine.Engine SELECT cameras.id, cameras.name, cameras.ip_address, cameras.port, cameras.connection_type, cameras.stream_path, cameras.location, cameras.username, cameras.password, cameras.status, cameras.created_at, cameras.updated_at, cameras.enabled, cameras.brand, cameras.model, cameras.resolution_width, cameras.resolution_height, cameras.max_fps, cameras.video_quality, cameras.low_latency 
FROM cameras 
WHERE cameras.id = ?
2025-07-29 10:17:57,928 INFO sqlalchemy.engine.Engine [cached since 34.39s ago] (3,)
2025-07-29 10:17:57,928 INFO sqlalchemy.engine.Engine SELECT cameras.id, cameras.name, cameras.ip_address, cameras.port, cameras.connection_type, cameras.stream_path, cameras.location, cameras.username, cameras.password, cameras.status, cameras.created_at, cameras.updated_at, cameras.enabled, cameras.brand, cameras.model, cameras.resolution_width, cameras.resolution_height, cameras.max_fps, cameras.video_quality, cameras.low_latency 
FROM cameras 
WHERE cameras.id = ?
2025-07-29 10:17:57,928 INFO sqlalchemy.engine.Engine [cached since 34.39s ago] (3,)
2025-07-29 10:17:57,929 INFO sqlalchemy.engine.Engine UPDATE cameras SET updated_at=? WHERE cameras.id = ?
2025-07-29 10:17:57,929 INFO sqlalchemy.engine.Engine [generated in 0.00010s] ('2025-07-29 15:17:57.929476', 3)
2025-07-29 10:17:57,930 INFO sqlalchemy.engine.Engine COMMIT
2025-07-29 10:17:57,944 INFO sqlalchemy.engine.Engine BEGIN (implicit)
2025-07-29 10:17:57,944 INFO sqlalchemy.engine.Engine SELECT cameras.id, cameras.name, cameras.ip_address, cameras.port, cameras.connection_type, cameras.stream_path, cameras.location, cameras.username, cameras.password, cameras.status, cameras.created_at, cameras.updated_at, cameras.enabled, cameras.brand, cameras.model, cameras.resolution_width, cameras.resolution_height, cameras.max_fps, cameras.video_quality, cameras.low_latency 
FROM cameras 
WHERE cameras.id = ?
2025-07-29 10:17:57,944 INFO sqlalchemy.engine.Engine [cached since 31.18s ago] (3,)
2025-07-29 10:17:57,945 INFO sqlalchemy.engine.Engine ROLLBACK
INFO:     127.0.0.1:33574 - "GET /stream/mjpeg/3 HTTP/1.1" 200 OK
